../Core/Inc/IMU.h:30:6:SendMagDataUART	48	static
../Core/Inc/IMU.h:63:6:ShowMagDataOled	64	static
../Core/Inc/magcal.h:24:7:magcal_calc_params	1352	static
../Core/Inc/magcal.h:166:5:user_is_pressed	8	static
../Core/Inc/magcal.h:168:7:dist_squared	48	static
../Core/Inc/magcal.h:175:6:magcal_adjust	32	static
../Core/Src/main.c:193:6:Set_Motor_Direction	16	static
../Core/Src/main.c:203:6:delay_us	16	static
../Core/Src/main.c:209:7:high_pass_filter	16	static
../Core/Src/main.c:226:6:set_servo_pwm	16	static
../Core/Src/main.c:239:6:set_servo_angle	16	static
../Core/Src/main.c:274:6:PID_Control	56	static
../Core/Src/main.c:316:6:functionCheck	40	static
../Core/Src/main.c:383:5:main	8	static
../Core/Src/main.c:506:6:SystemClock_Config	88	static
../Core/Src/main.c:548:13:MX_ADC1_Init	24	static
../Core/Src/main.c:600:13:MX_ADC2_Init	24	static
../Core/Src/main.c:652:13:MX_I2C1_Init	8	static
../Core/Src/main.c:686:13:MX_TIM1_Init	96	static
../Core/Src/main.c:760:13:MX_TIM2_Init	56	static
../Core/Src/main.c:809:13:MX_TIM3_Init	56	static
../Core/Src/main.c:858:13:MX_TIM4_Init	48	static
../Core/Src/main.c:916:13:MX_TIM6_Init	16	static
../Core/Src/main.c:954:13:MX_TIM8_Init	96	static
../Core/Src/main.c:1032:13:MX_USART3_UART_Init	8	static
../Core/Src/main.c:1065:13:MX_GPIO_Init	48	static
../Core/Src/main.c:1113:6:HAL_UART_RxCpltCallback	16	static
../Core/Src/main.c:1123:6:HAL_TIM_IC_CaptureCallback	16	static
../Core/Src/main.c:1144:6:IR_Left_Read	8	static
../Core/Src/main.c:1152:6:IR_Right_Read	8	static
../Core/Src/main.c:1160:6:Move_Left	8	static
../Core/Src/main.c:1167:6:Move_Right	8	static
../Core/Src/main.c:1174:6:Motor_Stop	8	static
../Core/Src/main.c:1185:6:Move_Straight	8	static
../Core/Src/main.c:1194:6:Move_Backwards	8	static
../Core/Src/main.c:1204:6:Calibrate	8	static
../Core/Src/main.c:1224:6:StartDefaultTask	16	static
../Core/Src/main.c:1275:6:StartOledTask	40	static
../Core/Src/main.c:1339:6:StartUltraSonic	16	static
../Core/Src/main.c:1364:6:StartServoTask	24	static
../Core/Src/main.c:1442:6:StartMotorTask	16	static
../Core/Src/main.c:1584:6:StartEncoderTask	48	static
../Core/Src/main.c:1644:6:Start_IRTask	16	static
../Core/Src/main.c:1661:6:Error_Handler	4	static,ignoring_inline_asm
