../Core/Inc/IMU.h:30:6:SendMagDataUART	48	static
../Core/Inc/IMU.h:63:6:ShowMagDataOled	64	static
../Core/Inc/IMUFilter.h:240:6:MadgwickQuaternionUpdate	144	static
../Core/Inc/IMUFilter.h:311:6:MahonyQuaternionUpdate	104	static
../Core/Inc/IMUFilter.h:381:7:GetYawFromQ	24	static
../Core/Inc/IMUFilter.h:390:7:invSqrt	32	static
../Core/Inc/pid.h:26:6:PID_Init	40	static
../Core/Inc/pid.h:39:7:PID_Update	40	static
../Core/Inc/pid.h:70:6:PID_Reset	16	static
../Core/Inc/magcal.h:24:7:magcal_calc_params	1352	static
../Core/Inc/magcal.h:166:5:user_is_pressed	8	static
../Core/Inc/magcal.h:168:7:dist_squared	48	static
../Core/Inc/magcal.h:175:6:magcal_adjust	32	static
../Core/Src/main.c:190:6:Set_Motor_Direction	16	static
../Core/Src/main.c:200:6:delay_us	16	static
../Core/Src/main.c:206:6:resetYaw	8	static
../Core/Src/main.c:212:6:updateYaw	40	static
../Core/Src/main.c:231:6:Backward	24	static
../Core/Src/main.c:268:6:Forward	24	static
../Core/Src/main.c:306:6:ForwardLeft	24	static
../Core/Src/main.c:343:6:ForwardRight	24	static
../Core/Src/main.c:383:6:BackLeft	24	static
../Core/Src/main.c:420:6:BackRight	24	static
../Core/Src/main.c:460:6:set_motor_pwm	16	static
../Core/Src/main.c:479:6:set_servo_pwm	16	static
../Core/Src/main.c:492:6:set_servo_angle	16	static
../Core/Src/main.c:529:6:functionCheck	40	static
../Core/Src/main.c:596:5:main	8	static
../Core/Src/main.c:718:6:SystemClock_Config	88	static
../Core/Src/main.c:760:13:MX_ADC1_Init	24	static
../Core/Src/main.c:812:13:MX_ADC2_Init	24	static
../Core/Src/main.c:864:13:MX_I2C1_Init	8	static
../Core/Src/main.c:898:13:MX_TIM1_Init	96	static
../Core/Src/main.c:972:13:MX_TIM2_Init	56	static
../Core/Src/main.c:1021:13:MX_TIM3_Init	56	static
../Core/Src/main.c:1070:13:MX_TIM4_Init	48	static
../Core/Src/main.c:1128:13:MX_TIM6_Init	16	static
../Core/Src/main.c:1166:13:MX_TIM8_Init	96	static
../Core/Src/main.c:1244:13:MX_USART3_UART_Init	8	static
../Core/Src/main.c:1277:13:MX_GPIO_Init	48	static
../Core/Src/main.c:1325:6:HAL_UART_RxCpltCallback	24	static
../Core/Src/main.c:1341:6:HAL_TIM_IC_CaptureCallback	16	static
../Core/Src/main.c:1362:6:IR_Left_Read	8	static
../Core/Src/main.c:1370:6:IR_Right_Read	8	static
../Core/Src/main.c:1378:6:Motor_Stop	8	static
../Core/Src/main.c:1393:6:Calibrate	8	static
../Core/Src/main.c:1413:6:StartDefaultTask	16	static
../Core/Src/main.c:1433:6:StartOledTask	96	static
../Core/Src/main.c:1472:6:Startsensor	16	static
../Core/Src/main.c:1498:6:StartEncoderTask	48	static
../Core/Src/main.c:1562:6:startrobotTask	24	static
../Core/Src/main.c:1682:6:Error_Handler	4	static,ignoring_inline_asm
