../Core/Inc/IMU.h:30:6:SendMagDataUART	48	static
../Core/Inc/IMU.h:63:6:ShowMagDataOled	64	static
../Core/Inc/IMUFilter.h:240:6:MadgwickQuaternionUpdate	144	static
../Core/Inc/IMUFilter.h:311:6:MahonyQuaternionUpdate	104	static
../Core/Inc/IMUFilter.h:381:7:GetYawFromQ	24	static
../Core/Inc/IMUFilter.h:390:7:invSqrt	32	static
../Core/Inc/pid.h:26:6:PID_Init	40	static
../Core/Inc/pid.h:39:7:PID_Update	40	static
../Core/Inc/pid.h:70:6:PID_Reset	16	static
../Core/Inc/magcal.h:24:7:magcal_calc_params	1352	static
../Core/Inc/magcal.h:166:5:user_is_pressed	8	static
../Core/Inc/magcal.h:168:7:dist_squared	48	static
../Core/Inc/magcal.h:175:6:magcal_adjust	32	static
../Core/Src/main.c:195:6:Set_Motor_Direction	16	static
../Core/Src/main.c:205:6:delay_us	16	static
../Core/Src/main.c:211:6:resetYaw	8	static
../Core/Src/main.c:217:6:updateYaw	40	static
../Core/Src/main.c:236:6:Backward	24	static
../Core/Src/main.c:284:6:Forward	24	static
../Core/Src/main.c:325:6:Calibrate	8	static
../Core/Src/main.c:371:6:BackRight	24	static
../Core/Src/main.c:428:6:BackLeft	24	static
../Core/Src/main.c:486:6:ForwardLeft	24	static
../Core/Src/main.c:536:6:ForwardRight	24	static
../Core/Src/main.c:587:6:FLeft	32	static
../Core/Src/main.c:638:6:FL	32	static
../Core/Src/main.c:678:6:FR	32	static
../Core/Src/main.c:718:6:FRight	32	static
../Core/Src/main.c:758:6:BIR	40	static
../Core/Src/main.c:803:6:FIR2	40	static
../Core/Src/main.c:856:6:FIR	40	static
../Core/Src/main.c:900:6:F	32	static
../Core/Src/main.c:938:6:B	32	static
../Core/Src/main.c:977:6:ForwardDistance	32	static
../Core/Src/main.c:1018:6:BackDistance	32	static
../Core/Src/main.c:1059:6:set_motor_pwm	16	static
../Core/Src/main.c:1079:6:set_servo_pwm	16	static
../Core/Src/main.c:1092:6:set_servo_angle	16	static
../Core/Src/main.c:1172:6:MoveTo10By10	8	static
../Core/Src/main.c:1193:6:FirstDir	8	static
../Core/Src/main.c:1210:6:SecondDir	8	static
../Core/Src/main.c:1229:6:GoLeft	8	static
../Core/Src/main.c:1242:6:GoRight	8	static
../Core/Src/main.c:1257:6:MoveTo2nd	8	static
../Core/Src/main.c:1277:6:GoLeft2	8	static
../Core/Src/main.c:1317:6:GoRight2	8	static
../Core/Src/main.c:1356:6:GoBackHome	8	static
../Core/Src/main.c:1361:6:Task2	16	static
../Core/Src/main.c:1461:6:functionCheck	40	static
../Core/Src/main.c:1528:5:main	8	static
../Core/Src/main.c:1657:6:SystemClock_Config	88	static
../Core/Src/main.c:1699:13:MX_ADC1_Init	24	static
../Core/Src/main.c:1751:13:MX_ADC2_Init	24	static
../Core/Src/main.c:1803:13:MX_I2C1_Init	8	static
../Core/Src/main.c:1837:13:MX_TIM1_Init	96	static
../Core/Src/main.c:1911:13:MX_TIM2_Init	56	static
../Core/Src/main.c:1960:13:MX_TIM3_Init	56	static
../Core/Src/main.c:2009:13:MX_TIM4_Init	48	static
../Core/Src/main.c:2067:13:MX_TIM6_Init	16	static
../Core/Src/main.c:2105:13:MX_TIM8_Init	96	static
../Core/Src/main.c:2183:13:MX_USART3_UART_Init	8	static
../Core/Src/main.c:2216:13:MX_GPIO_Init	48	static
../Core/Src/main.c:2274:6:HAL_UART_RxCpltCallback	24	static
../Core/Src/main.c:2297:6:HAL_TIM_IC_CaptureCallback	16	static
../Core/Src/main.c:2326:6:HAL_GPIO_EXTI_Callback	16	static,ignoring_inline_asm
../Core/Src/main.c:2341:6:IR_Left_Read	8	static
../Core/Src/main.c:2354:6:IR_Right_Read	8	static
../Core/Src/main.c:2363:6:Motor_Stop	8	static
../Core/Src/main.c:2387:6:StartDefaultTask	16	static
../Core/Src/main.c:2407:6:StartOledTask	96	static
../Core/Src/main.c:2464:6:Startsensor	16	static
../Core/Src/main.c:2490:6:StartEncoderTask	48	static
../Core/Src/main.c:2554:6:startrobotTask	24	static
../Core/Src/main.c:2786:6:Error_Handler	4	static,ignoring_inline_asm
